// Jest Snapshot v1, https://goo.gl/fbAQLP

exports[`Password Input:   passes snapshot tests 1`] = `
<div>
  <label
    className="sc-bwzfXH kEqaKq"
  >
    password
  </label>
  <input
    className="sc-bdVaJa etKSJQ"
    onChange={[Function]}
    placeholder="password"
    type="password"
    value="With some password"
  />
</div>
`;
